Starting a Gradle Daemon, 1 incompatible and 4 stopped Daemons could not be reused, use --status for details
> Task :app:clean
> Task :app:clean FAILED
./gradlew : 
Au caractère Ligne:1 : 1
+ ./gradlew clean assembleDebug --no-build-cache 2>&1 | Tee-Object -Fil ...
+ ~~~~~~~~~~~~~~~~~~~~~~~~~~~~~~~~~~~~~~~~~~~~~~~~~~~
    + CategoryInfo          : NotSpecified: (:String) [], RemoteException
    + FullyQualifiedErrorId : NativeCommandError
 
FAILURE: Build failed with an exception.

* What went wrong:
Execution failed for task ':app:clean'.
> java.io.IOException: Unable to delete directory 'C:\Users\mouad\Desktop\quran\app\build'
    Failed to delete some children. This might happen because a process has files open or has its working directory 
set in the target directory.
    - C:\Users\mouad\Desktop\quran\app\build\intermediates\built_in_kotlinc\debug\compileDebugKotlin\classes\com\exampl
e\MainActivityKt$MainServicesGrid$lambda$108$lambda$107$$inlined$items$default$5.class
    - C:\Users\mouad\Desktop\quran\app\build\intermediates\built_in_kotlinc\debug\compileDebugKotlin\classes\com\exampl
e\MainActivityKt$PrayerTimeCard$1$1.class
    - C:\Users\mouad\Desktop\quran\app\build\intermediates\built_in_kotlinc\debug\compileDebugKotlin\classes\com\exampl
e\MainActivityKt.class
    - C:\Users\mouad\Desktop\quran\app\build\intermediates\built_in_kotlinc\debug\compileDebugKotlin\classes\com\exampl
e\MainUiState.class
    - C:\Users\mouad\Desktop\quran\app\build\intermediates\built_in_kotlinc\debug\compileDebugKotlin\classes\com\exampl
e\MainViewModel$fetchPrayerTimes$1.class
    - C:\Users\mouad\Desktop\quran\app\build\intermediates\built_in_kotlinc\debug\compileDebugKotlin\classes\com\exampl
e\MainViewModel.class
    - C:\Users\mouad\Desktop\quran\app\build\intermediates\built_in_kotlinc\debug\compileDebugKotlin\classes\com\exampl
e\MatchRange.class
    - C:\Users\mouad\Desktop\quran\app\build\intermediates\built_in_kotlinc\debug\compileDebugKotlin\classes\com\exampl
e\MoreScreenKt.class
    - C:\Users\mouad\Desktop\quran\app\build\intermediates\built_in_kotlinc\debug\compileDebugKotlin\classes\com\exampl
e\MushafPage.class
    - C:\Users\mouad\Desktop\quran\app\build\intermediates\built_in_kotlinc\debug\compileDebugKotlin\classes\com\exampl
e\NavigationItem.class
    - C:\Users\mouad\Desktop\quran\app\build\intermediates\built_in_kotlinc\debug\compileDebugKotlin\classes\com\exampl
e\OfficialPrayerCity.class
    - C:\Users\mouad\Desktop\quran\app\build\intermediates\built_in_kotlinc\debug\compileDebugKotlin\classes\com\exampl
e\OfflineQuranData.class
    - C:\Users\mouad\Desktop\quran\app\build\intermediates\built_in_kotlinc\debug\compileDebugKotlin\classes\com\exampl
e\PageSurah.class
    - C:\Users\mouad\Desktop\quran\app\build\intermediates\built_in_kotlinc\debug\compileDebugKotlin\classes\com\exampl
e\PrayerAlarmScheduler.class
    - C:\Users\mouad\Desktop\quran\app\build\intermediates\built_in_kotlinc\debug\compileDebugKotlin\classes\com\exampl
e\PrayerMaintenanceReceiver.class
    - C:\Users\mouad\Desktop\quran\app\build\intermediates\built_in_kotlinc\debug\compileDebugKotlin\classes\com\exampl
e\PrayerNotificationReceiver.class
    - and more ...
    New files were found. This might happen because a process is still writing to the target directory.
    - C:\Users\mouad\Desktop\quran\app\build\kspCaches
    - C:\Users\mouad\Desktop\quran\app\build\intermediates
    - C:\Users\mouad\Desktop\quran\app\build\intermediates\built_in_kotlinc\debug\compileDebugKotlin\classes
    - C:\Users\mouad\Desktop\quran\app\build\intermediates\annotation_processor_list
    - C:\Users\mouad\Desktop\quran\app\build\intermediates\annotation_processor_list\debug
    - C:\Users\mouad\Desktop\quran\app\build\intermediates\annotation_processor_list\debug\javaPreCompileDebug
    - C:\Users\mouad\Desktop\quran\app\build\intermediates\annotation_processor_list\debug\javaPreCompileDebug\annotati
onProcessors.json
    - C:\Users\mouad\Desktop\quran\app\build\intermediates\aar_metadata_check
    - C:\Users\mouad\Desktop\quran\app\build\intermediates\aar_metadata_check\debug
    - C:\Users\mouad\Desktop\quran\app\build\intermediates\aar_metadata_check\debug\checkDebugAarMetadata
    - C:\Users\mouad\Desktop\quran\app\build\generated
    - C:\Users\mouad\Desktop\quran\app\build\generated\ksp
    - C:\Users\mouad\Desktop\quran\app\build\generated\ksp\debug
    - C:\Users\mouad\Desktop\quran\app\build\generated\ksp\debug\kotlin
    - C:\Users\mouad\Desktop\quran\app\build\generated\ksp\debug\kotlin\com
    - C:\Users\mouad\Desktop\quran\app\build\generated\ksp\debug\kotlin\com\example
    - and more ...

* Try:
> Run with --stacktrace option to get the stack trace.
> Run with --info or --debug option to get more log output.
> Run with --scan to get full insights from a Build Scan (powered by Develocity).
> Get more help at https://help.gradle.org.

BUILD FAILED in 2m 18s
1 actionable task: 1 executed
